// Jest Snapshot v1, https://goo.gl/fbAQLP

exports[`Button should render correctly 1`] = `ShallowWrapper {}`;

exports[`TempCheckBox Button should render correctly 1`] = `ShallowWrapper {}`;
